// Jest Snapshot v1, https://goo.gl/fbAQLP

exports[`Card List Spec Should render children without error 1`] = `
<div
  className="Card"
/>
`;
